127.0.0.1 - - [28/May/2024:09:05:10 +0900] "GET / HTTP/1.1" 404 807
192.168.10.170 - - [28/May/2024:09:05:38 +0900] "GET /sm/main HTTP/1.1" 404 818
192.168.10.170 - - [28/May/2024:09:05:42 +0900] "GET /sms/main HTTP/1.1" 200 1387
192.168.10.170 - - [28/May/2024:09:05:42 +0900] "GET /favicon.ico HTTP/1.1" 404 818
192.168.10.170 - - [28/May/2024:09:11:33 +0900] "GET /sm/mainLgn.do?userId=0002&userPass=a0000000 HTTP/1.1" 404 824
192.168.10.170 - - [28/May/2024:09:11:45 +0900] "GET /sm/mainLgn.do?userId=0002&userPass=a0000000 HTTP/1.1" 404 824
127.0.0.1 - - [28/May/2024:09:12:22 +0900] "GET / HTTP/1.1" 404 807
192.168.10.170 - - [28/May/2024:09:12:26 +0900] "GET /sms/main HTTP/1.1" 200 1355
192.168.10.170 - - [28/May/2024:09:12:33 +0900] "GET /sms/mainLgn.do?userId=0002&userPass=a0000000 HTTP/1.1" 200 911
127.0.0.1 - - [28/May/2024:09:12:53 +0900] "GET / HTTP/1.1" 404 807
192.168.10.170 - - [28/May/2024:09:12:57 +0900] "GET /sms/mainLgn.do?userId=0002&userPass=a0000000 HTTP/1.1" 200 919
192.168.10.170 - - [28/May/2024:09:13:23 +0900] "GET /sms/mainLgn.do?userId=0002&userPass=a0000000 HTTP/1.1" 200 915
127.0.0.1 - - [28/May/2024:09:17:09 +0900] "GET / HTTP/1.1" 404 807
192.168.10.170 - - [28/May/2024:09:17:13 +0900] "GET /sms/mainLgn.do?userId=0002&userPass=a0000000 HTTP/1.1" 200 883
127.0.0.1 - - [28/May/2024:09:19:03 +0900] "GET / HTTP/1.1" 404 807
192.168.10.170 - - [28/May/2024:09:19:07 +0900] "GET /sms/mainLgn.do?userId=0002&userPass=a0000000 HTTP/1.1" 200 883
192.168.10.170 - - [28/May/2024:09:19:10 +0900] "GET /sms/mainLgn.do?userId=0002&userPass=a0000000 HTTP/1.1" 200 883
192.168.10.170 - - [28/May/2024:09:19:11 +0900] "GET /sms/mainLgn.do?userId=0002&userPass=a0000000 HTTP/1.1" 200 883
127.0.0.1 - - [28/May/2024:09:19:50 +0900] "GET / HTTP/1.1" 404 807
192.168.10.170 - - [28/May/2024:09:19:54 +0900] "GET /sms/mainLgn.do?userId=0002&userPass=a0000000 HTTP/1.1" 200 885
192.168.10.170 - - [28/May/2024:09:20:20 +0900] "GET /sms/myInfo?lnkDt=myInfo HTTP/1.1" 404 721
192.168.10.170 - - [28/May/2024:09:20:34 +0900] "GET /sms/myInfo?lnkDt=myInfo HTTP/1.1" 404 721
127.0.0.1 - - [28/May/2024:09:24:00 +0900] "GET / HTTP/1.1" 404 807
192.168.10.170 - - [28/May/2024:09:24:05 +0900] "GET /sms/mainLgn.do?userId=0002&userPass=a0000000 HTTP/1.1" 200 884
192.168.10.170 - - [28/May/2024:09:24:08 +0900] "GET /sms/myInfo?lnkDt=myInfo HTTP/1.1" 200 2384
127.0.0.1 - - [28/May/2024:09:43:45 +0900] "GET / HTTP/1.1" 404 807
192.168.10.170 - - [28/May/2024:09:43:52 +0900] "GET /sms/main HTTP/1.1" 200 1355
192.168.10.170 - - [28/May/2024:09:44:01 +0900] "GET /sms/mainLgn.do?userId=0002&userPass=a0000000 HTTP/1.1" 200 884
127.0.0.1 - - [28/May/2024:09:45:44 +0900] "GET / HTTP/1.1" 404 807
192.168.10.170 - - [28/May/2024:09:45:48 +0900] "GET /sms/main HTTP/1.1" 200 1355
192.168.10.170 - - [28/May/2024:09:45:54 +0900] "GET /sms/mainLgn.do?userId=0002&userPass=a0000000 HTTP/1.1" 200 881
192.168.10.170 - - [28/May/2024:09:45:59 +0900] "GET /sms/myInfo?lnkDt=myInfo HTTP/1.1" 500 16852
127.0.0.1 - - [28/May/2024:09:46:25 +0900] "GET / HTTP/1.1" 404 807
192.168.10.170 - - [28/May/2024:09:46:29 +0900] "GET /sms/myInfo?lnkDt=myInfo HTTP/1.1" 200 2210
127.0.0.1 - - [28/May/2024:09:47:16 +0900] "GET / HTTP/1.1" 404 807
127.0.0.1 - - [28/May/2024:09:52:33 +0900] "GET / HTTP/1.1" 404 807
192.168.10.170 - - [28/May/2024:09:52:45 +0900] "GET /sms/main HTTP/1.1" 200 1355
192.168.10.170 - - [28/May/2024:09:52:55 +0900] "GET /sms/mainLgn.do?userId=0002&userPass=a0000000 HTTP/1.1" 200 892
192.168.10.170 - - [28/May/2024:09:52:58 +0900] "GET /sms/myInfo?lnkDt=myInfo&user_id=%27%27 HTTP/1.1" 200 2210
127.0.0.1 - - [28/May/2024:09:53:49 +0900] "GET / HTTP/1.1" 404 807
127.0.0.1 - - [28/May/2024:09:55:00 +0900] "GET / HTTP/1.1" 404 807
192.168.10.170 - - [28/May/2024:09:55:05 +0900] "GET /sms/main HTTP/1.1" 200 1355
192.168.10.170 - - [28/May/2024:09:55:15 +0900] "GET /sms/mainLgn.do?userId=0002&userPass=a0000000 HTTP/1.1" 200 890
192.168.10.170 - - [28/May/2024:09:55:20 +0900] "GET /sms/myInfo?lnkDt=myInfo&user_id= HTTP/1.1" 200 2210
127.0.0.1 - - [28/May/2024:09:56:06 +0900] "GET / HTTP/1.1" 404 807
192.168.10.170 - - [28/May/2024:09:56:11 +0900] "GET /sms/main HTTP/1.1" 200 1355
192.168.10.170 - - [28/May/2024:09:56:19 +0900] "GET /sms/mainLgn.do?userId=0002&userPass=a0000000 HTTP/1.1" 200 892
192.168.10.170 - - [28/May/2024:09:56:23 +0900] "GET /sms/myInfo?lnkDt=myInfo&user_id=%27%27 HTTP/1.1" 200 2210
127.0.0.1 - - [28/May/2024:09:57:12 +0900] "GET / HTTP/1.1" 404 807
192.168.10.170 - - [28/May/2024:09:57:18 +0900] "GET /sms/main HTTP/1.1" 200 1355
192.168.10.170 - - [28/May/2024:09:57:26 +0900] "GET /sms/mainLgn.do?userId=0002&userPass=a0000000 HTTP/1.1" 200 892
192.168.10.170 - - [28/May/2024:09:57:28 +0900] "GET /sms/myInfo?lnkDt=myInfo&user_id=%27%27 HTTP/1.1" 200 2212
127.0.0.1 - - [28/May/2024:09:57:56 +0900] "GET / HTTP/1.1" 404 807
192.168.10.170 - - [28/May/2024:09:58:01 +0900] "GET /sms/myInfo?lnkDt=myInfo&user_id=%27%27 HTTP/1.1" 200 2214
127.0.0.1 - - [28/May/2024:10:01:13 +0900] "GET / HTTP/1.1" 404 807
192.168.10.170 - - [28/May/2024:10:01:18 +0900] "GET /sms/main HTTP/1.1" 200 1428
192.168.10.170 - - [28/May/2024:10:01:24 +0900] "GET /sms/mainLgn.do?userId=0002&userPass=a0000000 HTTP/1.1" 200 937
192.168.10.170 - - [28/May/2024:10:01:25 +0900] "GET /sms/str1 HTTP/1.1" 404 721
127.0.0.1 - - [28/May/2024:10:02:50 +0900] "GET / HTTP/1.1" 404 807
192.168.10.170 - - [28/May/2024:10:02:59 +0900] "GET /sms/main HTTP/1.1" 200 1353
192.168.10.170 - - [28/May/2024:10:03:06 +0900] "GET /sms/mainLgn.do?userId=0002&userPass=a0000000 HTTP/1.1" 200 879
192.168.10.170 - - [28/May/2024:10:03:08 +0900] "GET /sms/myInfo?lnkDt=myInfo HTTP/1.1" 200 2210
192.168.10.170 - - [28/May/2024:10:03:22 +0900] "GET /sms/mainLgn.do?userId=0002&userPass=a0000000 HTTP/1.1" 200 879
127.0.0.1 - - [28/May/2024:10:05:05 +0900] "GET / HTTP/1.1" 404 807
192.168.10.170 - - [28/May/2024:10:05:09 +0900] "GET /sms/mainLgn.do?userId=0002&userPass=a0000000 HTTP/1.1" 200 879
127.0.0.1 - - [28/May/2024:10:12:15 +0900] "GET / HTTP/1.1" 404 807
192.168.10.170 - - [28/May/2024:10:12:23 +0900] "GET /sms/main HTTP/1.1" 200 1353
192.168.10.170 - - [28/May/2024:10:12:33 +0900] "GET /sms/mainLgn.do?userId=0002&userPass=a0000000 HTTP/1.1" 200 889
192.168.10.170 - - [28/May/2024:10:12:38 +0900] "GET /sms/myInfo?lnkDt=myInfo&userId=%27%27 HTTP/1.1" 200 2210
127.0.0.1 - - [28/May/2024:10:13:17 +0900] "GET / HTTP/1.1" 404 807
192.168.10.170 - - [28/May/2024:10:13:20 +0900] "GET /sms/myInfo?lnkDt=myInfo&userId=%27%27 HTTP/1.1" 200 2210
192.168.10.170 - - [28/May/2024:10:17:01 +0900] "GET /sms/mainLgn.do?userId=0001&userPass=a0000000 HTTP/1.1" 200 1763
192.168.10.170 - - [28/May/2024:10:17:16 +0900] "GET /sms/btnStt?rcvAdm=%EC%9E%85%EA%B3%A0 HTTP/1.1" 404 721
192.168.10.170 - - [28/May/2024:10:18:03 +0900] "GET /sms/btnStt?usrAdm=%EC%82%AC%EC%9A%A9%EC%9E%90 HTTP/1.1" 404 721
127.0.0.1 - - [28/May/2024:10:18:11 +0900] "GET / HTTP/1.1" 404 807
192.168.10.170 - - [28/May/2024:10:18:16 +0900] "GET /sms/mainLgn.do?userId=0001&userPass=a0000000 HTTP/1.1" 200 1763
192.168.10.170 - - [28/May/2024:10:18:18 +0900] "GET /sms/btnStt?usrAdm=%EC%82%AC%EC%9A%A9%EC%9E%90 HTTP/1.1" 404 721
127.0.0.1 - - [28/May/2024:10:22:19 +0900] "GET / HTTP/1.1" 404 807
192.168.10.170 - - [28/May/2024:10:22:29 +0900] "GET /sms/mainLgn.do?userId=0001&userPass=a0000000 HTTP/1.1" 200 1757
192.168.10.170 - - [28/May/2024:10:22:36 +0900] "GET /sms/btnStt?usrAdm=%EC%82%AC%EC%9A%A9%EC%9E%90 HTTP/1.1" 404 721
127.0.0.1 - - [28/May/2024:10:23:08 +0900] "GET / HTTP/1.1" 404 807
192.168.10.170 - - [28/May/2024:10:23:11 +0900] "GET /sms/mainLgn.do?userId=0001&userPass=a0000000 HTTP/1.1" 200 1757
192.168.10.170 - - [28/May/2024:10:23:14 +0900] "GET /sms/btnStt?usrAdm=%EC%82%AC%EC%9A%A9%EC%9E%90 HTTP/1.1" 404 721
192.168.10.170 - - [28/May/2024:10:23:36 +0900] "GET /sms/btnStt?usrAdm=%EC%82%AC%EC%9A%A9%EC%9E%90 HTTP/1.1" 404 721
127.0.0.1 - - [28/May/2024:10:25:24 +0900] "GET / HTTP/1.1" 404 807
192.168.10.170 - - [28/May/2024:10:25:29 +0900] "GET /sms/mainLgn.do?userId=0001&userPass=a0000000 HTTP/1.1" 200 1751
192.168.10.170 - - [28/May/2024:10:25:31 +0900] "GET /sms/btnStt?lnkDt=%EC%82%AC%EC%9A%A9%EC%9E%90 HTTP/1.1" 404 721
192.168.10.170 - - [28/May/2024:10:27:35 +0900] "GET /sms/btnStt?lnkDt=%EC%9E%85%EA%B3%A0 HTTP/1.1" 404 721
127.0.0.1 - - [28/May/2024:10:32:15 +0900] "GET / HTTP/1.1" 404 807
127.0.0.1 - - [28/May/2024:10:33:43 +0900] "GET / HTTP/1.1" 404 807
127.0.0.1 - - [28/May/2024:10:33:53 +0900] "GET / HTTP/1.1" 404 807
192.168.10.170 - - [28/May/2024:10:33:57 +0900] "GET /sms/mainLgn.do?userId=0001&userPass=a0000000 HTTP/1.1" 200 1612
192.168.10.170 - - [28/May/2024:10:34:01 +0900] "GET /sms/admStt?lnkDt=%EC%82%AC%EC%9A%A9%EC%9E%90 HTTP/1.1" 200 387
192.168.10.170 - - [28/May/2024:10:34:42 +0900] "GET /sms/admStt?lnkDt=%EC%82%AC%EC%9A%A9%EC%9E%90 HTTP/1.1" 200 387
192.168.10.170 - - [28/May/2024:10:34:43 +0900] "GET /sms/admStt?lnkDt=%EC%82%AC%EC%9A%A9%EC%9E%90 HTTP/1.1" 200 387
192.168.10.170 - - [28/May/2024:10:34:43 +0900] "GET /sms/admStt?lnkDt=%EC%82%AC%EC%9A%A9%EC%9E%90 HTTP/1.1" 200 387
192.168.10.170 - - [28/May/2024:10:34:43 +0900] "GET /sms/admStt?lnkDt=%EC%82%AC%EC%9A%A9%EC%9E%90 HTTP/1.1" 200 387
192.168.10.170 - - [28/May/2024:10:34:44 +0900] "GET /sms/admStt?lnkDt=%EC%82%AC%EC%9A%A9%EC%9E%90 HTTP/1.1" 200 387
192.168.10.170 - - [28/May/2024:10:35:42 +0900] "GET /sms/admStt?lnkDt=%EC%82%AC%EC%9A%A9%EC%9E%90 HTTP/1.1" 200 387
127.0.0.1 - - [28/May/2024:10:37:57 +0900] "GET / HTTP/1.1" 404 807
192.168.10.170 - - [28/May/2024:10:38:01 +0900] "GET /sms/admStt?lnkDt=%EC%82%AC%EC%9A%A9%EC%9E%90 HTTP/1.1" 200 387
127.0.0.1 - - [28/May/2024:10:40:08 +0900] "GET / HTTP/1.1" 404 807
192.168.10.170 - - [28/May/2024:10:40:12 +0900] "GET /sms/admStt?lnkDt=%EC%82%AC%EC%9A%A9%EC%9E%90 HTTP/1.1" 200 411
127.0.0.1 - - [28/May/2024:10:42:04 +0900] "GET / HTTP/1.1" 404 807
192.168.10.170 - - [28/May/2024:10:42:10 +0900] "GET /sms/admStt?lnkDt=%EC%82%AC%EC%9A%A9%EC%9E%90 HTTP/1.1" 200 386
127.0.0.1 - - [28/May/2024:10:42:39 +0900] "GET / HTTP/1.1" 404 807
192.168.10.170 - - [28/May/2024:10:42:43 +0900] "GET /sms/mainLgn.do?userId=0001&userPass=a0000000 HTTP/1.1" 200 1612
192.168.10.170 - - [28/May/2024:10:42:47 +0900] "GET /sms/admStt?lnkDt=%EC%82%AC%EC%9A%A9%EC%9E%90 HTTP/1.1" 200 386
127.0.0.1 - - [28/May/2024:10:43:21 +0900] "GET / HTTP/1.1" 404 807
192.168.10.170 - - [28/May/2024:10:43:24 +0900] "GET /sms/admStt?lnkDt=%EC%82%AC%EC%9A%A9%EC%9E%90 HTTP/1.1" 200 386
127.0.0.1 - - [28/May/2024:10:44:36 +0900] "GET / HTTP/1.1" 404 807
192.168.10.170 - - [28/May/2024:10:44:40 +0900] "GET /sms/admStt?lnkDt=%EC%82%AC%EC%9A%A9%EC%9E%90 HTTP/1.1" 200 386
127.0.0.1 - - [28/May/2024:10:45:10 +0900] "GET / HTTP/1.1" 404 807
192.168.10.170 - - [28/May/2024:10:45:13 +0900] "GET /sms/mainLgn.do?userId=0001&userPass=a0000000 HTTP/1.1" 200 1612
192.168.10.170 - - [28/May/2024:10:45:15 +0900] "GET /sms/admStt?lnkDt=%EC%82%AC%EC%9A%A9%EC%9E%90 HTTP/1.1" 200 386
127.0.0.1 - - [28/May/2024:10:47:01 +0900] "GET / HTTP/1.1" 404 807
192.168.10.170 - - [28/May/2024:10:47:03 +0900] "GET /sms/admStt?lnkDt=%EC%82%AC%EC%9A%A9%EC%9E%90 HTTP/1.1" 200 386
192.168.10.170 - - [28/May/2024:10:47:06 +0900] "GET /sms/admStt?lnkDt=%EC%82%AC%EC%9A%A9%EC%9E%90 HTTP/1.1" 200 386
127.0.0.1 - - [28/May/2024:10:47:40 +0900] "GET / HTTP/1.1" 404 807
192.168.10.170 - - [28/May/2024:10:47:47 +0900] "GET /sms/admStt?lnkDt=%EC%82%AC%EC%9A%A9%EC%9E%90 HTTP/1.1" 405 801
127.0.0.1 - - [28/May/2024:10:48:33 +0900] "GET / HTTP/1.1" 404 807
192.168.10.170 - - [28/May/2024:10:48:39 +0900] "GET /sms/mainLgn.do?userId=0001&userPass=a0000000 HTTP/1.1" 200 1613
192.168.10.170 - - [28/May/2024:10:48:41 +0900] "POST /sms/admStt HTTP/1.1" 200 386
192.168.10.170 - - [28/May/2024:10:50:01 +0900] "POST /sms/admStt HTTP/1.1" 200 386
127.0.0.1 - - [28/May/2024:11:03:58 +0900] "GET / HTTP/1.1" 404 807
192.168.10.170 - - [28/May/2024:11:04:01 +0900] "POST /sms/admStt HTTP/1.1" 405 802
127.0.0.1 - - [28/May/2024:11:04:35 +0900] "GET / HTTP/1.1" 404 807
192.168.10.170 - - [28/May/2024:11:04:40 +0900] "GET /sms/mainLgn.do?userId=0001&userPass=a0000000 HTTP/1.1" 200 1612
192.168.10.170 - - [28/May/2024:11:04:41 +0900] "GET /sms/admStt?lnkDt=%EC%82%AC%EC%9A%A9%EC%9E%90 HTTP/1.1" 200 386
192.168.10.170 - - [28/May/2024:11:05:31 +0900] "GET /sms/userList.jsp HTTP/1.1" 200 386
192.168.10.170 - - [28/May/2024:11:08:08 +0900] "GET /sms/admStt?lnkDt=%EC%82%AC%EC%9A%A9%EC%9E%90 HTTP/1.1" 200 386
127.0.0.1 - - [28/May/2024:11:09:15 +0900] "GET / HTTP/1.1" 404 807
192.168.10.170 - - [28/May/2024:11:09:21 +0900] "GET /sms/admStt?lnkDt=%EC%82%AC%EC%9A%A9%EC%9E%90 HTTP/1.1" 500 9936
127.0.0.1 - - [28/May/2024:11:11:11 +0900] "GET / HTTP/1.1" 404 807
192.168.10.170 - - [28/May/2024:11:11:16 +0900] "GET /sms/mainLgn.do?userId=0001&userPass=a0000000 HTTP/1.1" 200 1612
192.168.10.170 - - [28/May/2024:11:11:17 +0900] "GET /sms/admStt?lnkDt=%EC%82%AC%EC%9A%A9%EC%9E%90 HTTP/1.1" 500 9936
127.0.0.1 - - [28/May/2024:11:13:23 +0900] "GET / HTTP/1.1" 404 807
127.0.0.1 - - [28/May/2024:11:14:19 +0900] "GET / HTTP/1.1" 404 807
192.168.10.170 - - [28/May/2024:11:14:25 +0900] "GET /sms/admStt?lnkDt=%EC%82%AC%EC%9A%A9%EC%9E%90 HTTP/1.1" 200 1034
192.168.10.170 - - [28/May/2024:11:18:55 +0900] "GET /sms/mainLgn.do?userId=0002&userPass=a0000000 HTTP/1.1" 200 889
192.168.10.170 - - [28/May/2024:11:18:56 +0900] "GET /sms/myInfo?lnkDt=myInfo&userId=%27%27 HTTP/1.1" 200 2210
192.168.10.170 - - [28/May/2024:11:19:24 +0900] "GET /sms/myInfo?lnkDt=myInfo&userId=%27%27 HTTP/1.1" 200 2210
127.0.0.1 - - [28/May/2024:11:20:01 +0900] "GET / HTTP/1.1" 404 807
192.168.10.170 - - [28/May/2024:11:20:04 +0900] "GET /sms/mainLgn.do?userId=0002&userPass=a0000000 HTTP/1.1" 200 889
192.168.10.170 - - [28/May/2024:11:20:06 +0900] "GET /sms/myInfo?lnkDt=myInfo&userId=%27%27 HTTP/1.1" 200 2210
127.0.0.1 - - [28/May/2024:11:20:29 +0900] "GET / HTTP/1.1" 404 807
192.168.10.170 - - [28/May/2024:11:20:32 +0900] "GET /sms/myInfo?lnkDt=myInfo&userId=%27%27 HTTP/1.1" 200 2212
192.168.10.170 - - [28/May/2024:11:23:26 +0900] "GET /sms/myInfo?lnkDt=myInfo&userId=%27%27 HTTP/1.1" 200 2212
192.168.10.170 - - [28/May/2024:11:23:30 +0900] "GET /sms/myInfo?lnkDt=myInfo&userId=%27%27 HTTP/1.1" 200 2212
127.0.0.1 - - [28/May/2024:11:28:43 +0900] "GET / HTTP/1.1" 404 807
192.168.10.170 - - [28/May/2024:11:28:46 +0900] "GET /sms/myInfo?lnkDt=myInfo&userId=%27%27 HTTP/1.1" 200 2212
192.168.10.170 - - [28/May/2024:11:28:53 +0900] "GET /sms/mainLgn.do?userId=0002&userPass=a0000000 HTTP/1.1" 200 887
192.168.10.170 - - [28/May/2024:11:28:55 +0900] "GET /sms/myInfo?lnkDt=myInfo&userId= HTTP/1.1" 200 2210
127.0.0.1 - - [28/May/2024:11:31:25 +0900] "GET / HTTP/1.1" 404 807
192.168.10.170 - - [28/May/2024:11:31:28 +0900] "GET /sms/mainLgn.do?userId=0002&userPass=a0000000 HTTP/1.1" 200 887
192.168.10.170 - - [28/May/2024:11:31:31 +0900] "GET /sms/myInfo?lnkDt=myInfo&userId= HTTP/1.1" 200 2210
127.0.0.1 - - [28/May/2024:11:32:25 +0900] "GET / HTTP/1.1" 404 807
192.168.10.170 - - [28/May/2024:11:32:29 +0900] "GET /sms/mainLgn.do?userId=0002&userPass=a0000000 HTTP/1.1" 200 887
127.0.0.1 - - [28/May/2024:11:33:07 +0900] "GET / HTTP/1.1" 404 807
192.168.10.170 - - [28/May/2024:11:33:11 +0900] "GET /sms/mainLgn.do?userId=0002&userPass=a0000000 HTTP/1.1" 200 887
192.168.10.170 - - [28/May/2024:11:33:12 +0900] "GET /sms/myInfo?lnkDt=myInfo&userId= HTTP/1.1" 200 2210
127.0.0.1 - - [28/May/2024:11:33:39 +0900] "GET / HTTP/1.1" 404 807
192.168.10.170 - - [28/May/2024:11:33:46 +0900] "GET /sms/myInfo?lnkDt=myInfo&userId= HTTP/1.1" 200 2210
127.0.0.1 - - [28/May/2024:11:35:11 +0900] "GET / HTTP/1.1" 404 807
192.168.10.170 - - [28/May/2024:11:35:16 +0900] "GET /sms/mainLgn.do?userId=0002&userPass=a0000000 HTTP/1.1" 200 887
192.168.10.170 - - [28/May/2024:11:35:25 +0900] "GET /sms/myInfo?lnkDt=myInfo&userId= HTTP/1.1" 200 2210
127.0.0.1 - - [28/May/2024:11:35:59 +0900] "GET / HTTP/1.1" 404 807
192.168.10.170 - - [28/May/2024:11:36:05 +0900] "GET /sms/myInfo?lnkDt=myInfo&userId= HTTP/1.1" 200 2210
192.168.10.170 - - [28/May/2024:11:36:14 +0900] "GET /sms/mainLgn.do?userId=0002&userPass=a0000000 HTTP/1.1" 200 887
192.168.10.170 - - [28/May/2024:11:36:27 +0900] "GET /sms/main HTTP/1.1" 200 1353
192.168.10.170 - - [28/May/2024:11:36:35 +0900] "GET /sms/mainLgn.do?userId=0002&userPass=a0000000 HTTP/1.1" 200 887
192.168.10.170 - - [28/May/2024:11:36:43 +0900] "GET /sms/mainLgn.do?userId=0002&userPass=a0000000 HTTP/1.1" 200 887
192.168.10.170 - - [28/May/2024:11:37:10 +0900] "GET /sms/myInfo?lnkDt=myInfo&userId= HTTP/1.1" 200 2210
127.0.0.1 - - [28/May/2024:11:37:50 +0900] "GET / HTTP/1.1" 404 807
192.168.10.170 - - [28/May/2024:11:37:53 +0900] "GET /sms/main HTTP/1.1" 200 1353
192.168.10.170 - - [28/May/2024:11:38:00 +0900] "GET /sms/mainLgn.do?userId=0002&userPass=a0000000 HTTP/1.1" 200 887
192.168.10.170 - - [28/May/2024:11:38:03 +0900] "GET /sms/myInfo?lnkDt=myInfo&userId= HTTP/1.1" 200 2210
127.0.0.1 - - [28/May/2024:11:39:48 +0900] "GET / HTTP/1.1" 404 807
192.168.10.170 - - [28/May/2024:11:39:52 +0900] "GET /sms/mainLgn.do?userId=0002&userPass=a0000000 HTTP/1.1" 200 884
192.168.10.170 - - [28/May/2024:11:40:37 +0900] "GET /sms/myInfo?lnkDt=myInfo&userId= HTTP/1.1" 200 2210
127.0.0.1 - - [28/May/2024:11:45:53 +0900] "GET / HTTP/1.1" 404 807
192.168.10.170 - - [28/May/2024:11:46:00 +0900] "GET /sms/mainLgn.do?userId=0002&userPass=a0000000 HTTP/1.1" 200 888
192.168.10.170 - - [28/May/2024:11:46:02 +0900] "GET /sms/myInfo?userId=0002&lnkDt=myInfo HTTP/1.1" 200 2210
127.0.0.1 - - [28/May/2024:11:46:46 +0900] "GET / HTTP/1.1" 404 807
192.168.10.170 - - [28/May/2024:11:46:49 +0900] "GET /sms/mainLgn.do?userId=0002&userPass=a0000000 HTTP/1.1" 200 888
192.168.10.170 - - [28/May/2024:11:46:51 +0900] "GET /sms/myInfo?userId=0002&lnkDt=myInfo HTTP/1.1" 200 2214
127.0.0.1 - - [28/May/2024:11:51:36 +0900] "GET / HTTP/1.1" 404 807
192.168.10.170 - - [28/May/2024:11:51:40 +0900] "GET /sms/mainLgn.do?userId=0002&userPass=a0000000 HTTP/1.1" 200 888
192.168.10.170 - - [28/May/2024:11:51:43 +0900] "GET /sms/myInfo?userId=0002&lnkDt=myInfo HTTP/1.1" 500 17677
127.0.0.1 - - [28/May/2024:11:52:44 +0900] "GET / HTTP/1.1" 404 807
192.168.10.170 - - [28/May/2024:11:52:50 +0900] "GET /sms/mainLgn.do?userId=0002&userPass=a0000000 HTTP/1.1" 200 888
192.168.10.170 - - [28/May/2024:11:52:55 +0900] "GET /sms/myInfo?userId=0002&lnkDt=myInfo HTTP/1.1" 500 17677
127.0.0.1 - - [28/May/2024:13:02:07 +0900] "GET / HTTP/1.1" 404 807
192.168.10.170 - - [28/May/2024:13:02:11 +0900] "GET /sms/mainLgn.do?userId=0002&userPass=a0000000 HTTP/1.1" 200 888
192.168.10.170 - - [28/May/2024:13:02:15 +0900] "GET /sms/myInfo?userId=0002&lnkDt=myInfo HTTP/1.1" 200 2226
127.0.0.1 - - [28/May/2024:13:04:34 +0900] "GET / HTTP/1.1" 404 807
192.168.10.170 - - [28/May/2024:13:04:42 +0900] "GET /sms/myInfo?userId=0002&lnkDt=myInfo HTTP/1.1" 200 2226
192.168.10.170 - - [28/May/2024:13:04:45 +0900] "GET /sms/myInfo?userId=0002&lnkDt=myInfo HTTP/1.1" 200 2226
192.168.10.170 - - [28/May/2024:13:04:45 +0900] "GET /sms/myInfo?userId=0002&lnkDt=myInfo HTTP/1.1" 200 2226
192.168.10.170 - - [28/May/2024:13:04:45 +0900] "GET /sms/myInfo?userId=0002&lnkDt=myInfo HTTP/1.1" 200 2226
192.168.10.170 - - [28/May/2024:13:04:46 +0900] "GET /sms/myInfo?userId=0002&lnkDt=myInfo HTTP/1.1" 200 2226
192.168.10.170 - - [28/May/2024:13:04:46 +0900] "GET /sms/myInfo?userId=0002&lnkDt=myInfo HTTP/1.1" 200 2226
192.168.10.170 - - [28/May/2024:13:04:46 +0900] "GET /sms/myInfo?userId=0002&lnkDt=myInfo HTTP/1.1" 200 2226
192.168.10.170 - - [28/May/2024:13:04:46 +0900] "GET /sms/myInfo?userId=0002&lnkDt=myInfo HTTP/1.1" 200 2226
192.168.10.170 - - [28/May/2024:13:04:47 +0900] "GET /sms/myInfo?userId=0002&lnkDt=myInfo HTTP/1.1" 200 2226
127.0.0.1 - - [28/May/2024:13:05:30 +0900] "GET / HTTP/1.1" 404 807
192.168.10.170 - - [28/May/2024:13:05:35 +0900] "GET /sms/myInfo?userId=0002&lnkDt=myInfo HTTP/1.1" 500 5702
127.0.0.1 - - [28/May/2024:13:08:07 +0900] "GET / HTTP/1.1" 404 807
192.168.10.170 - - [28/May/2024:13:08:13 +0900] "GET /sms/mainLgn.do?userId=0002&userPass=a0000000 HTTP/1.1" 200 888
192.168.10.170 - - [28/May/2024:13:08:15 +0900] "GET /sms/myInfo?userId=0002&lnkDt=myInfo HTTP/1.1" 500 17677
127.0.0.1 - - [28/May/2024:13:12:28 +0900] "GET / HTTP/1.1" 404 807
127.0.0.1 - - [28/May/2024:13:12:54 +0900] "GET / HTTP/1.1" 404 807
192.168.10.170 - - [28/May/2024:13:12:59 +0900] "GET /sms/myInfo?userId=0002&lnkDt=myInfo HTTP/1.1" 500 5692
127.0.0.1 - - [28/May/2024:13:13:35 +0900] "GET / HTTP/1.1" 404 807
192.168.10.170 - - [28/May/2024:13:13:40 +0900] "GET /sms/mainLgn.do?userId=0002&userPass=a0000000 HTTP/1.1" 200 888
192.168.10.170 - - [28/May/2024:13:13:41 +0900] "GET /sms/myInfo?userId=0002&lnkDt=myInfo HTTP/1.1" 200 2230
127.0.0.1 - - [28/May/2024:13:14:06 +0900] "GET / HTTP/1.1" 404 807
192.168.10.170 - - [28/May/2024:13:14:13 +0900] "GET /sms/mainLgn.do?userId=0002&userPass=a0000000 HTTP/1.1" 200 888
192.168.10.170 - - [28/May/2024:13:14:14 +0900] "GET /sms/myInfo?userId=0002&lnkDt=myInfo HTTP/1.1" 200 2230
127.0.0.1 - - [28/May/2024:13:14:46 +0900] "GET / HTTP/1.1" 404 807
192.168.10.170 - - [28/May/2024:13:15:01 +0900] "GET /sms/myInfo?userId=0002&lnkDt=myInfo HTTP/1.1" 200 2230
127.0.0.1 - - [28/May/2024:13:16:21 +0900] "GET / HTTP/1.1" 404 807
192.168.10.170 - - [28/May/2024:13:16:25 +0900] "GET /sms/myInfo?userId=0002&lnkDt=myInfo HTTP/1.1" 500 4023
127.0.0.1 - - [28/May/2024:13:17:55 +0900] "GET / HTTP/1.1" 404 807
192.168.10.170 - - [28/May/2024:13:18:01 +0900] "GET /sms/myInfo?userId=0002&lnkDt=myInfo HTTP/1.1" 500 17939
192.168.10.170 - - [28/May/2024:13:18:20 +0900] "GET /sms/myInfo?userId=0002&lnkDt=myInfo HTTP/1.1" 500 17939
192.168.10.170 - - [28/May/2024:13:18:23 +0900] "GET /sms/myInfo?userId=0002&lnkDt=myInfo HTTP/1.1" 500 17939
192.168.10.170 - - [28/May/2024:13:18:23 +0900] "GET /sms/myInfo?userId=0002&lnkDt=myInfo HTTP/1.1" 500 17939
192.168.10.170 - - [28/May/2024:13:18:23 +0900] "GET /sms/myInfo?userId=0002&lnkDt=myInfo HTTP/1.1" 500 17939
192.168.10.170 - - [28/May/2024:13:18:23 +0900] "GET /sms/myInfo?userId=0002&lnkDt=myInfo HTTP/1.1" 500 17939
192.168.10.170 - - [28/May/2024:13:18:23 +0900] "GET /sms/myInfo?userId=0002&lnkDt=myInfo HTTP/1.1" 500 17939
192.168.10.170 - - [28/May/2024:13:18:24 +0900] "GET /sms/myInfo?userId=0002&lnkDt=myInfo HTTP/1.1" 500 17939
192.168.10.170 - - [28/May/2024:13:18:24 +0900] "GET /sms/myInfo?userId=0002&lnkDt=myInfo HTTP/1.1" 500 17939
192.168.10.170 - - [28/May/2024:13:18:24 +0900] "GET /sms/myInfo?userId=0002&lnkDt=myInfo HTTP/1.1" 500 17939
127.0.0.1 - - [28/May/2024:13:18:30 +0900] "GET / HTTP/1.1" 404 807
127.0.0.1 - - [28/May/2024:13:21:33 +0900] "GET / HTTP/1.1" 404 807
192.168.10.170 - - [28/May/2024:13:21:37 +0900] "GET /sms/myInfo?userId=0002&lnkDt=myInfo HTTP/1.1" 500 5702
127.0.0.1 - - [28/May/2024:13:28:35 +0900] "GET / HTTP/1.1" 404 807
192.168.10.170 - - [28/May/2024:13:28:40 +0900] "GET /sms/myInfo?userId=0002&lnkDt=myInfo HTTP/1.1" 500 5698
127.0.0.1 - - [28/May/2024:13:30:37 +0900] "GET / HTTP/1.1" 404 807
192.168.10.170 - - [28/May/2024:13:30:40 +0900] "GET /sms/myInfo?userId=0002&lnkDt=myInfo HTTP/1.1" 200 2343
127.0.0.1 - - [28/May/2024:13:33:58 +0900] "GET / HTTP/1.1" 404 807
192.168.10.170 - - [28/May/2024:13:34:02 +0900] "GET /sms/myInfo?userId=0002&lnkDt=myInfo HTTP/1.1" 200 2354
127.0.0.1 - - [28/May/2024:13:36:44 +0900] "GET / HTTP/1.1" 404 807
192.168.10.170 - - [28/May/2024:13:36:55 +0900] "GET /sms/myInfo?userId=0002&lnkDt=myInfo HTTP/1.1" 500 5307
192.168.10.170 - - [28/May/2024:13:37:06 +0900] "GET /sms/myInfo?userId=0002&lnkDt=myInfo HTTP/1.1" 500 5307
127.0.0.1 - - [28/May/2024:13:37:13 +0900] "GET / HTTP/1.1" 404 807
192.168.10.170 - - [28/May/2024:13:37:17 +0900] "GET /sms/myInfo?userId=0002&lnkDt=myInfo HTTP/1.1" 200 2206
192.168.10.170 - - [28/May/2024:13:38:30 +0900] "GET /sm/join.do?userPassCheck=dfgdgdfg&userAddr=gsegwaefew&userName=gfegsegsgsg&userCall=56651951561 HTTP/1.1" 404 821
192.168.10.170 - - [28/May/2024:13:39:29 +0900] "GET /sm/join.do?userPassCheck=dfgdgdfg&userAddr=gsegwaefew&userName=gfegsegsgsg&userCall=56651951561 HTTP/1.1" 404 821
192.168.10.170 - - [28/May/2024:13:39:54 +0900] "GET /sm/join.do?userPassCheck=dfgdgdfg&userAddr=gsegwaefew&userName=gfegsegsgsg&userCall=56651951561 HTTP/1.1" 404 821
127.0.0.1 - - [28/May/2024:13:51:40 +0900] "GET / HTTP/1.1" 404 807
192.168.10.170 - - [28/May/2024:13:51:50 +0900] "GET /sms/myInfo?userId=0002&lnkDt=myInfo HTTP/1.1" 200 2082
192.168.10.170 - - [28/May/2024:13:59:18 +0900] "GET /sms/myInfo?userId=0002&lnkDt=myInfo HTTP/1.1" 200 2087
192.168.10.170 - - [28/May/2024:13:59:21 +0900] "GET /sms/myInfo?userId=0002&lnkDt=myInfo HTTP/1.1" 200 2087
192.168.10.170 - - [28/May/2024:13:59:23 +0900] "GET /sms/myInfo?userId=0002&lnkDt=myInfo HTTP/1.1" 200 2087
192.168.10.170 - - [28/May/2024:14:00:09 +0900] "GET /sms/myInfo?userId=0002&lnkDt=myInfo HTTP/1.1" 200 2087
127.0.0.1 - - [28/May/2024:14:00:17 +0900] "GET / HTTP/1.1" 404 807
192.168.10.170 - - [28/May/2024:14:00:20 +0900] "GET /sms/myInfo?userId=0002&lnkDt=myInfo HTTP/1.1" 200 2087
127.0.0.1 - - [28/May/2024:14:03:58 +0900] "GET / HTTP/1.1" 404 807
192.168.10.170 - - [28/May/2024:14:04:00 +0900] "GET /sms/myInfo?userId=0002&lnkDt=myInfo HTTP/1.1" 500 3840
127.0.0.1 - - [28/May/2024:14:04:18 +0900] "GET / HTTP/1.1" 404 807
192.168.10.170 - - [28/May/2024:14:04:21 +0900] "GET /sms/myInfo?userId=0002&lnkDt=myInfo HTTP/1.1" 500 3997
127.0.0.1 - - [28/May/2024:14:04:48 +0900] "GET / HTTP/1.1" 404 807
192.168.10.170 - - [28/May/2024:14:04:51 +0900] "GET /sms/myInfo?userId=0002&lnkDt=myInfo HTTP/1.1" 200 2087
127.0.0.1 - - [28/May/2024:14:07:25 +0900] "GET / HTTP/1.1" 404 807
192.168.10.170 - - [28/May/2024:14:07:28 +0900] "GET /sms/myInfo?userId=0002&lnkDt=myInfo HTTP/1.1" 200 2087
127.0.0.1 - - [28/May/2024:14:12:42 +0900] "GET / HTTP/1.1" 404 807
192.168.10.170 - - [28/May/2024:14:12:46 +0900] "GET /sms/main HTTP/1.1" 200 1428
127.0.0.1 - - [28/May/2024:14:14:17 +0900] "GET / HTTP/1.1" 404 807
192.168.10.170 - - [28/May/2024:14:14:21 +0900] "GET /sms/main HTTP/1.1" 200 1494
127.0.0.1 - - [28/May/2024:14:17:19 +0900] "GET / HTTP/1.1" 404 807
192.168.10.170 - - [28/May/2024:14:17:23 +0900] "GET /sms/main HTTP/1.1" 200 1526
127.0.0.1 - - [28/May/2024:14:18:28 +0900] "GET / HTTP/1.1" 404 807
192.168.10.170 - - [28/May/2024:14:18:32 +0900] "GET /sms/main HTTP/1.1" 200 1542
192.168.10.170 - - [28/May/2024:14:18:35 +0900] "GET /sms/main HTTP/1.1" 200 1542
192.168.10.170 - - [28/May/2024:14:18:36 +0900] "GET /sms/main HTTP/1.1" 200 1542
192.168.10.170 - - [28/May/2024:14:18:36 +0900] "GET /sms/main HTTP/1.1" 200 1542
192.168.10.170 - - [28/May/2024:14:18:36 +0900] "GET /sms/main HTTP/1.1" 200 1542
192.168.10.170 - - [28/May/2024:14:18:36 +0900] "GET /sms/main HTTP/1.1" 200 1542
192.168.10.170 - - [28/May/2024:14:18:36 +0900] "GET /sms/main HTTP/1.1" 200 1542
192.168.10.170 - - [28/May/2024:14:18:37 +0900] "GET /sms/main HTTP/1.1" 200 1542
192.168.10.170 - - [28/May/2024:14:18:37 +0900] "GET /sms/main HTTP/1.1" 200 1542
192.168.10.170 - - [28/May/2024:14:18:37 +0900] "GET /sms/main HTTP/1.1" 200 1542
192.168.10.170 - - [28/May/2024:14:18:37 +0900] "GET /sms/main HTTP/1.1" 200 1542
127.0.0.1 - - [28/May/2024:14:19:32 +0900] "GET / HTTP/1.1" 404 807
192.168.10.170 - - [28/May/2024:14:19:37 +0900] "GET /sms/main HTTP/1.1" 200 1543
192.168.10.170 - - [28/May/2024:14:19:38 +0900] "GET /sms/main HTTP/1.1" 200 1543
127.0.0.1 - - [28/May/2024:14:19:51 +0900] "GET / HTTP/1.1" 404 807
192.168.10.170 - - [28/May/2024:14:19:55 +0900] "GET /sms/main HTTP/1.1" 200 1544
127.0.0.1 - - [28/May/2024:14:21:17 +0900] "GET / HTTP/1.1" 404 807
192.168.10.170 - - [28/May/2024:14:21:20 +0900] "GET /sms/main HTTP/1.1" 200 1577
127.0.0.1 - - [28/May/2024:14:21:46 +0900] "GET / HTTP/1.1" 404 807
192.168.10.170 - - [28/May/2024:14:21:50 +0900] "GET /sms/main HTTP/1.1" 200 1577
192.168.10.170 - - [28/May/2024:14:21:52 +0900] "GET /sms/main HTTP/1.1" 200 1577
127.0.0.1 - - [28/May/2024:14:22:20 +0900] "GET / HTTP/1.1" 404 807
192.168.10.170 - - [28/May/2024:14:22:23 +0900] "GET /sms/main HTTP/1.1" 200 1577
192.168.10.170 - - [28/May/2024:14:22:33 +0900] "GET /sms/main HTTP/1.1" 200 1577
192.168.10.170 - - [28/May/2024:14:22:37 +0900] "GET /sms/main HTTP/1.1" 200 1577
127.0.0.1 - - [28/May/2024:14:22:51 +0900] "GET / HTTP/1.1" 404 807
192.168.10.170 - - [28/May/2024:14:22:57 +0900] "GET /sms/main HTTP/1.1" 200 1577
127.0.0.1 - - [28/May/2024:14:34:56 +0900] "GET / HTTP/1.1" 404 807
192.168.10.170 - - [28/May/2024:14:35:09 +0900] "GET /sms/main HTTP/1.1" 200 1577
192.168.10.170 - - [28/May/2024:14:35:19 +0900] "GET /sms/mainLgn.do?userId=0002&userPass=a0000000 HTTP/1.1" 200 1112
192.168.10.170 - - [28/May/2024:14:35:22 +0900] "GET /sms/myInfo?userId=0002&lnkDt=myInfo HTTP/1.1" 200 2087
192.168.10.170 - - [28/May/2024:14:37:15 +0900] "GET /sms/myInfo?userId=0002&lnkDt=myInfo HTTP/1.1" 200 2087
127.0.0.1 - - [28/May/2024:14:55:26 +0900] "GET / HTTP/1.1" 404 807
192.168.10.170 - - [28/May/2024:14:55:47 +0900] "GET /sms/updateMyInfo?userPassCheck=a0000001&userAddr=a0000001&userName=TOMADDRESS&userCall=01040400202 HTTP/1.1" 400 926
127.0.0.1 - - [28/May/2024:14:56:33 +0900] "GET / HTTP/1.1" 404 807
192.168.10.170 - - [28/May/2024:14:56:37 +0900] "GET /sms/myInfo?userId=0002&lnkDt=myInfo HTTP/1.1" 200 2087
127.0.0.1 - - [28/May/2024:14:59:09 +0900] "GET / HTTP/1.1" 404 807
192.168.10.170 - - [28/May/2024:14:59:13 +0900] "GET /sms/myInfo?userId=0002&lnkDt=myInfo HTTP/1.1" 200 2091
127.0.0.1 - - [28/May/2024:14:59:48 +0900] "GET / HTTP/1.1" 404 807
192.168.10.170 - - [28/May/2024:14:59:57 +0900] "GET /sms/myInfo?userId=0002&lnkDt=myInfo HTTP/1.1" 200 2086
192.168.10.170 - - [28/May/2024:15:00:03 +0900] "GET /sms/updateMyInfo?userPass=a0000000&userPassCheck=a0000000&userName=TOMADDRESS&userCall=01040400202 HTTP/1.1" 400 926
127.0.0.1 - - [28/May/2024:15:00:26 +0900] "GET / HTTP/1.1" 404 807
192.168.10.170 - - [28/May/2024:15:00:31 +0900] "GET /sms/myInfo?userId=0002&lnkDt=myInfo HTTP/1.1" 200 2086
192.168.10.170 - - [28/May/2024:15:00:51 +0900] "GET /sms/updateMyInfo?userPass=a0000000&userPassCheck=a0000000&userAddr=TOMADDRESS&userCall=01040400202 HTTP/1.1" 500 3669
127.0.0.1 - - [28/May/2024:15:03:41 +0900] "GET / HTTP/1.1" 404 807
192.168.10.170 - - [28/May/2024:15:03:46 +0900] "GET /sms/updateMyInfo?userPass=a0000000&userPassCheck=a0000000&userAddr=TOMADDRESS&userCall=01040400202 HTTP/1.1" 500 17419
192.168.10.170 - - [28/May/2024:15:04:34 +0900] "GET /sms/updateMyInfo?userPass=a0000000&userPassCheck=a0000000&userAddr=TOMADDRESS&userCall=01040400202 HTTP/1.1" 500 17419
192.168.10.170 - - [28/May/2024:15:05:54 +0900] "GET /sms/updateMyInfo?userPass=a0000000&userPassCheck=a0000000&userAddr=TOMADDRESS&userCall=01040400202 HTTP/1.1" 500 17419
127.0.0.1 - - [28/May/2024:15:12:31 +0900] "GET / HTTP/1.1" 404 807
192.168.10.170 - - [28/May/2024:15:12:34 +0900] "GET /sms/mainLgn.do?userId=0002&userPass=a0000000 HTTP/1.1" 500 3752
192.168.10.170 - - [28/May/2024:15:12:48 +0900] "GET /sms/mainLgn.do?userId=0002&userPass=a0000000 HTTP/1.1" 500 3752
192.168.10.170 - - [28/May/2024:15:14:24 +0900] "GET /sms/mainLgn.do?userId=0002&userPass=a0000000 HTTP/1.1" 500 3752
127.0.0.1 - - [28/May/2024:15:14:31 +0900] "GET / HTTP/1.1" 404 807
192.168.10.170 - - [28/May/2024:15:14:34 +0900] "GET /sms/main HTTP/1.1" 200 1577
192.168.10.170 - - [28/May/2024:15:14:43 +0900] "GET /sms/mainLgn.do?userId=0002&userPass=a0000000 HTTP/1.1" 200 1577
192.168.10.170 - - [28/May/2024:15:15:27 +0900] "GET /sms/mainLgn.do?userId=0002&userPass=a0000001 HTTP/1.1" 200 1112
192.168.10.170 - - [28/May/2024:15:15:30 +0900] "GET /sms/myInfo?userId=0002&lnkDt=myInfo HTTP/1.1" 200 2164
192.168.10.170 - - [28/May/2024:15:15:54 +0900] "GET /sms/sms/updateMyInfo?userPass=a0000001&userPassCheck=a0000001&userAddr=TOMADDRESS&userCall=01040400202 HTTP/1.1" 404 721
127.0.0.1 - - [28/May/2024:15:16:56 +0900] "GET / HTTP/1.1" 404 807
192.168.10.170 - - [28/May/2024:15:16:59 +0900] "GET /sms/myInfo?userId=0002&lnkDt=myInfo HTTP/1.1" 200 2160
192.168.10.170 - - [28/May/2024:15:17:12 +0900] "GET /sms/updateMyInfo?userPass=a0000001&userPassCheck=a0000001&userAddr=TOMADDRESS&userCall=01040400202 HTTP/1.1" 500 17419
127.0.0.1 - - [28/May/2024:15:18:53 +0900] "GET / HTTP/1.1" 404 807
192.168.10.170 - - [28/May/2024:15:18:57 +0900] "GET /sms/myInfo?userId=0002&lnkDt=myInfo HTTP/1.1" 200 2164
192.168.10.170 - - [28/May/2024:15:19:07 +0900] "GET /sms/updateMyInfo?userPass=a0000001&userPassCheck=a0000001&userAddr=TOMADDRESS&userCall=01040400202 HTTP/1.1" 500 17419
127.0.0.1 - - [28/May/2024:15:20:31 +0900] "GET / HTTP/1.1" 404 807
192.168.10.170 - - [28/May/2024:15:20:37 +0900] "GET /sms/myInfo?userId=0002&lnkDt=myInfo HTTP/1.1" 200 2162
192.168.10.170 - - [28/May/2024:15:20:46 +0900] "GET /sms/updateMyInfo?userPass=a0000000&userPassCheck=a0000000&userAddr=TOMADDRESS&userCall=01040400202 HTTP/1.1" 500 17419
127.0.0.1 - - [28/May/2024:15:21:41 +0900] "GET / HTTP/1.1" 404 807
192.168.10.170 - - [28/May/2024:15:21:44 +0900] "GET /sms/updateMyInfo?userPass=a0000000&userPassCheck=a0000000&userAddr=TOMADDRESS&userCall=01040400202 HTTP/1.1" 500 17419
127.0.0.1 - - [28/May/2024:15:23:38 +0900] "GET / HTTP/1.1" 404 807
192.168.10.170 - - [28/May/2024:15:23:41 +0900] "GET /sms/myInfo?userId=0002&lnkDt=myInfo HTTP/1.1" 200 2154
192.168.10.170 - - [28/May/2024:15:23:53 +0900] "GET /sms/updateMyInfo?userPass=a0000000&userPassCheck=a0000000&userAddr=TOMADDRESS&userCall=01040400202 HTTP/1.1" 500 17419
127.0.0.1 - - [28/May/2024:15:28:00 +0900] "GET / HTTP/1.1" 404 807
192.168.10.170 - - [28/May/2024:15:28:05 +0900] "GET /sms/myInfo?userId=0002&lnkDt=myInfo HTTP/1.1" 200 2213
127.0.0.1 - - [28/May/2024:15:28:51 +0900] "GET / HTTP/1.1" 404 807
192.168.10.170 - - [28/May/2024:15:28:59 +0900] "GET /sms/myInfo?userId=0002&lnkDt=myInfo HTTP/1.1" 200 2234
127.0.0.1 - - [28/May/2024:15:29:55 +0900] "GET / HTTP/1.1" 404 807
192.168.10.170 - - [28/May/2024:15:29:59 +0900] "GET /sms/myInfo?userId=0002&lnkDt=myInfo HTTP/1.1" 200 2277
192.168.10.170 - - [28/May/2024:15:30:25 +0900] "GET /sms/updateMyInfo?userPass=a0000000&userPassCheck=a0000000&userAddr=TOMADDRESS&userCall=01040400202 HTTP/1.1" 500 17419
127.0.0.1 - - [28/May/2024:15:31:39 +0900] "GET / HTTP/1.1" 404 807
192.168.10.170 - - [28/May/2024:15:31:46 +0900] "GET /sms/myInfo?userId=0002&lnkDt=myInfo HTTP/1.1" 200 2303
192.168.10.170 - - [28/May/2024:15:31:55 +0900] "GET /sms/updateMyInfo?userId=0002&userPass=a0000000&userPassCheck=a0000000&userAddr=TOMADDRESS&userCall=01040400202 HTTP/1.1" 200 1577
192.168.10.170 - - [28/May/2024:15:36:22 +0900] "GET /sms/mainLgn.do?userId=0002&userPass=a0000000 HTTP/1.1" 200 1577
127.0.0.1 - - [28/May/2024:15:36:37 +0900] "GET / HTTP/1.1" 404 807
192.168.10.170 - - [28/May/2024:15:36:48 +0900] "GET /sms/main HTTP/1.1" 200 1577
192.168.10.170 - - [28/May/2024:15:37:00 +0900] "GET /sms/mainLgn.do?userId=0002&userPass=a0000000 HTTP/1.1" 404 827
127.0.0.1 - - [28/May/2024:15:37:30 +0900] "GET / HTTP/1.1" 404 807
192.168.10.170 - - [28/May/2024:15:37:47 +0900] "GET /sms/mainLgn.do?userId=0002&userPass=a0000000 HTTP/1.1" 200 1577
127.0.0.1 - - [28/May/2024:15:37:57 +0900] "GET / HTTP/1.1" 404 807
192.168.10.170 - - [28/May/2024:15:38:02 +0900] "GET /sms/mainLgn.do?userId=0002&userPass=a0000000 HTTP/1.1" 200 1577
192.168.10.170 - - [28/May/2024:15:38:07 +0900] "GET /sms/mainLgn.do?userId=0002&userPass=a0000000 HTTP/1.1" 200 1577
192.168.10.170 - - [28/May/2024:15:43:06 +0900] "GET /sms/mainLgn.do?userId=0002&userPass=a0000000 HTTP/1.1" 200 1577
192.168.10.170 - - [28/May/2024:15:43:28 +0900] "GET /sms/main HTTP/1.1" 200 1577
192.168.10.170 - - [28/May/2024:15:43:42 +0900] "GET /sms/mainLgn.do?userId=0002&userPass=a0000001 HTTP/1.1" 200 1112
192.168.10.170 - - [28/May/2024:15:43:45 +0900] "GET /sms/myInfo?userId=0002&lnkDt=myInfo HTTP/1.1" 200 2285
192.168.10.170 - - [28/May/2024:15:44:01 +0900] "GET /sms/updateMyInfo?userId=0002&userPass=a0000000&userPassCheck=a0000000&userAddr=TOMADDRESS&userCall=01040400202 HTTP/1.1" 200 2273
127.0.0.1 - - [28/May/2024:15:48:14 +0900] "GET / HTTP/1.1" 404 807
192.168.10.170 - - [28/May/2024:15:48:17 +0900] "GET /sms/myInfo?userId=0002&lnkDt=myInfo HTTP/1.1" 200 2285
192.168.10.170 - - [28/May/2024:15:48:32 +0900] "GET /sms/updateMyInfo?userId=0002&userPass=a0000001&userPassCheck=a0000001&userAddr=TOMADDRESS&userCall=01040400202 HTTP/1.1" 404 827
127.0.0.1 - - [28/May/2024:15:51:04 +0900] "GET / HTTP/1.1" 404 807
192.168.10.170 - - [28/May/2024:15:51:08 +0900] "GET /sms/mainLgn.do?userId=0002&userPass=a0000001 HTTP/1.1" 200 1112
192.168.10.170 - - [28/May/2024:15:51:09 +0900] "GET /sms/myInfo?userId=0002&lnkDt=myInfo HTTP/1.1" 200 2285
192.168.10.170 - - [28/May/2024:15:51:22 +0900] "GET /sms/updateMyInfo?userId=0002&userPass=a0000001&userPassCheck=a0000001&userAddr=TOMADDRESS&userCall=01040400202 HTTP/1.1" 404 835
127.0.0.1 - - [28/May/2024:15:52:05 +0900] "GET / HTTP/1.1" 404 807
192.168.10.170 - - [28/May/2024:15:52:08 +0900] "GET /sms/myInfo?userId=0002&lnkDt=myInfo HTTP/1.1" 200 2285
192.168.10.170 - - [28/May/2024:15:52:19 +0900] "GET /sms/updateMyInfo?userId=0002&userPass=a0000001&userPassCheck=a0000001&userAddr=TOMADDRESS&userCall=01040400202 HTTP/1.1" 200 1577
192.168.10.170 - - [28/May/2024:15:52:36 +0900] "GET /sms/mainLgn.do?userId=0002&userPass=a0000001 HTTP/1.1" 200 1112
127.0.0.1 - - [28/May/2024:16:00:30 +0900] "GET / HTTP/1.1" 404 807
192.168.10.170 - - [28/May/2024:16:00:37 +0900] "GET /sms/mainLgn.do?userId=0002&userPass=a0000001 HTTP/1.1" 200 1112
192.168.10.170 - - [28/May/2024:16:00:45 +0900] "GET /sms/myInfo?userId=0002&lnkDt=myInfo HTTP/1.1" 200 2534
192.168.10.170 - - [28/May/2024:16:00:56 +0900] "GET /sms/updateMyInfo?userId=0002&userPass=a0000001&userPassCheck=a0000001&userAddr=TOMADDRESS&userCall=01040400202 HTTP/1.1" 500 14216
192.168.10.170 - - [28/May/2024:16:07:18 +0900] "GET /sms/updateMyInfo?userId=0002&userPass=a0000001&userPassCheck=a0000001&userAddr=tom&userCall=01040400202 HTTP/1.1" 500 14132
192.168.10.170 - - [28/May/2024:16:21:43 +0900] "GET /sms/updateMyInfo?userId=0002&userPass=a0000001&userPassCheck=a0000001&userAddr=tom&userCall=01040400202 HTTP/1.1" 500 14132
127.0.0.1 - - [28/May/2024:16:21:53 +0900] "GET / HTTP/1.1" 404 807
192.168.10.170 - - [28/May/2024:16:22:24 +0900] "GET /sms/myInfo?userId=0002&lnkDt=myInfo HTTP/1.1" 200 2534
192.168.10.170 - - [28/May/2024:16:22:30 +0900] "GET /sms/updateMyInfo?userId=0002&userPass=a0000000&userPassCheck=a0000000&userAddr=TOMADDRESS&userCall=01040400202 HTTP/1.1" 500 13980
127.0.0.1 - - [28/May/2024:16:29:35 +0900] "GET / HTTP/1.1" 404 807
127.0.0.1 - - [28/May/2024:16:30:15 +0900] "GET / HTTP/1.1" 404 807
192.168.10.170 - - [28/May/2024:16:30:21 +0900] "GET /sms/myInfo?userId=0002&lnkDt=myInfo HTTP/1.1" 200 2534
192.168.10.170 - - [28/May/2024:16:31:42 +0900] "GET /sms/updateMyInfo?userId=0002&userPass=a0000000&userPassCheck=a0000000&userAddr=TOMADDRESS+&userCall=01040400202 HTTP/1.1" 500 16621
127.0.0.1 - - [28/May/2024:16:33:03 +0900] "GET / HTTP/1.1" 404 807
192.168.10.170 - - [28/May/2024:16:33:11 +0900] "GET /sms/myInfo?userId=0002&lnkDt=myInfo HTTP/1.1" 200 2534
192.168.10.170 - - [28/May/2024:16:33:18 +0900] "GET /sms/updateMyInfo?userId=0002&userPass=a0000000&userPassCheck=a0000000&userAddr=TOMADDRESS&userCall=01040400202 HTTP/1.1" 500 16621
127.0.0.1 - - [28/May/2024:16:34:22 +0900] "GET / HTTP/1.1" 404 807
192.168.10.170 - - [28/May/2024:16:34:26 +0900] "GET /sms/myInfo?userId=0002&lnkDt=myInfo HTTP/1.1" 200 2534
192.168.10.170 - - [28/May/2024:16:34:38 +0900] "GET /sms/updateMyInfo?userId=0002&userPass=a0000000&userPassCheck=a0000000&userAddr=TOMADDRESS&userCall=01040400202 HTTP/1.1" 500 16621
127.0.0.1 - - [28/May/2024:16:36:18 +0900] "GET / HTTP/1.1" 404 807
192.168.10.170 - - [28/May/2024:16:36:20 +0900] "GET /sms/myInfo?userId=0002&lnkDt=myInfo HTTP/1.1" 200 2534
192.168.10.170 - - [28/May/2024:16:36:29 +0900] "GET /sms/updateMyInfo?userId=0002&userPass=a0000000&userPassCheck=a0000000&userAddr=TOMADDRESS&userCall=01040400202 HTTP/1.1" 500 16621
127.0.0.1 - - [28/May/2024:16:46:59 +0900] "GET / HTTP/1.1" 404 807
192.168.10.170 - - [28/May/2024:16:47:02 +0900] "GET /sms/myInfo?userId=0002&lnkDt=myInfo HTTP/1.1" 200 2534
192.168.10.170 - - [28/May/2024:16:47:18 +0900] "GET /sms/updateMyInfo?userId=0002&userPass=a0000000&userPassCheck=a0000000&userAddr=TOMADDRESS&userCall=01040400203 HTTP/1.1" 500 16621
127.0.0.1 - - [28/May/2024:16:51:34 +0900] "GET / HTTP/1.1" 404 807
192.168.10.170 - - [28/May/2024:16:51:37 +0900] "GET /sms/myInfo?userId=0002&lnkDt=myInfo HTTP/1.1" 200 2534
192.168.10.170 - - [28/May/2024:16:51:44 +0900] "GET /sms/updateMyInfo?userId=0002&userPass=a0000000&userPassCheck=a0000000&userAddr=TOMADDRESS&userCall=01040400203 HTTP/1.1" 500 16621
127.0.0.1 - - [28/May/2024:16:54:54 +0900] "GET / HTTP/1.1" 404 807
192.168.10.170 - - [28/May/2024:16:55:09 +0900] "GET /sms/myInfo?userId=0002&lnkDt=myInfo HTTP/1.1" 200 2534
192.168.10.170 - - [28/May/2024:16:55:16 +0900] "GET /sms/updateMyInfo?userId=0002&userPass=a0000000&userPassCheck=a0000000&userAddr=TOMADDRESS&userCall=01040400202 HTTP/1.1" 500 16621
127.0.0.1 - - [28/May/2024:16:57:47 +0900] "GET / HTTP/1.1" 404 807
127.0.0.1 - - [28/May/2024:16:57:54 +0900] "GET / HTTP/1.1" 404 807
192.168.10.170 - - [28/May/2024:16:57:58 +0900] "GET /sms/myInfo?userId=0002&lnkDt=myInfo HTTP/1.1" 200 2534
192.168.10.170 - - [28/May/2024:16:58:06 +0900] "GET /sms/updateMyInfo?userId=0002&userPass=a0000000&userPassCheck=a0000000&userAddr=TOMADDRESS&userCall=01040400202 HTTP/1.1" 500 16621
127.0.0.1 - - [28/May/2024:17:00:16 +0900] "GET / HTTP/1.1" 404 807
192.168.10.170 - - [28/May/2024:17:00:22 +0900] "GET /sms/myInfo?userId=0002&lnkDt=myInfo HTTP/1.1" 200 2534
192.168.10.170 - - [28/May/2024:17:00:30 +0900] "GET /sms/updateMyInfo?userId=0002&userPass=a0000000&userPassCheck=a0000000&userAddr=TOMADDRESS&userCall=01040400203 HTTP/1.1" 500 16621
127.0.0.1 - - [28/May/2024:17:01:08 +0900] "GET / HTTP/1.1" 404 807
192.168.10.170 - - [28/May/2024:17:01:11 +0900] "GET /sms/myInfo?userId=0002&lnkDt=myInfo HTTP/1.1" 200 2534
192.168.10.170 - - [28/May/2024:17:01:21 +0900] "GET /sms/updateMyInfo?userId=0002&userPass=a0000000&userPassCheck=a0000000&userAddr=TOMADDRESS&userCall=01040400203 HTTP/1.1" 500 16621
127.0.0.1 - - [28/May/2024:17:02:34 +0900] "GET / HTTP/1.1" 404 807
192.168.10.170 - - [28/May/2024:17:02:43 +0900] "GET /sms/myInfo?userId=0002&lnkDt=myInfo HTTP/1.1" 200 2534
192.168.10.170 - - [28/May/2024:17:02:49 +0900] "GET /sms/updateMyInfo?userId=0002&userPass=a0000000&userPassCheck=a0000000&userAddr=TOMADDRESS&userCall=01040400202 HTTP/1.1" 500 16621
127.0.0.1 - - [28/May/2024:17:05:21 +0900] "GET / HTTP/1.1" 404 807
192.168.10.170 - - [28/May/2024:17:05:33 +0900] "GET /sms/myInfo?userId=0002&lnkDt=myInfo HTTP/1.1" 200 2534
192.168.10.170 - - [28/May/2024:17:05:42 +0900] "GET /sms/updateMyInfo?userId=0002&userPass=a0000000&userPassCheck=a0000000&userAddr=TOMADDRESS&userCall=01040400202 HTTP/1.1" 500 16621
127.0.0.1 - - [28/May/2024:17:07:08 +0900] "GET / HTTP/1.1" 404 807
192.168.10.170 - - [28/May/2024:17:07:11 +0900] "GET /sms/myInfo?userId=0002&lnkDt=myInfo HTTP/1.1" 200 2534
192.168.10.170 - - [28/May/2024:17:07:59 +0900] "GET /sms/myInfo?userId=0002&lnkDt=myInfo HTTP/1.1" 200 2534
192.168.10.170 - - [28/May/2024:17:09:48 +0900] "GET /sms/main HTTP/1.1" 200 1577
192.168.10.170 - - [28/May/2024:17:10:00 +0900] "GET /sms/mainLgn.do?userId=0002&userPass=a0000000 HTTP/1.1" 200 1112
192.168.10.170 - - [28/May/2024:17:10:02 +0900] "GET /sms/myInfo?userId=0002&lnkDt=myInfo HTTP/1.1" 200 2534
192.168.10.170 - - [28/May/2024:17:11:12 +0900] "GET /sms/myInfo?userId=0002&lnkDt=myInfo HTTP/1.1" 200 2534
127.0.0.1 - - [28/May/2024:17:12:09 +0900] "GET / HTTP/1.1" 404 807
192.168.10.170 - - [28/May/2024:17:12:12 +0900] "GET /sms/myInfo?userId=0002&lnkDt=myInfo HTTP/1.1" 200 2534
127.0.0.1 - - [28/May/2024:17:16:50 +0900] "GET / HTTP/1.1" 404 807
192.168.10.170 - - [28/May/2024:17:17:01 +0900] "GET /sms/main HTTP/1.1" 200 1577
192.168.10.170 - - [28/May/2024:17:17:11 +0900] "GET /sms/mainLgn.do?userId=0002&userPass=a0000000 HTTP/1.1" 200 1112
192.168.10.170 - - [28/May/2024:17:17:12 +0900] "GET /sms/myInfo?userId=0002&lnkDt=myInfo HTTP/1.1" 200 2534
127.0.0.1 - - [28/May/2024:17:18:28 +0900] "GET / HTTP/1.1" 404 807
192.168.10.170 - - [28/May/2024:17:18:38 +0900] "GET /sms/myInfo?userId=0002&lnkDt=myInfo HTTP/1.1" 200 2534
127.0.0.1 - - [28/May/2024:17:20:13 +0900] "GET / HTTP/1.1" 404 807
192.168.10.170 - - [28/May/2024:17:20:24 +0900] "GET /sms/myInfo?userId=0002&lnkDt=myInfo HTTP/1.1" 200 2534
127.0.0.1 - - [28/May/2024:17:21:59 +0900] "GET / HTTP/1.1" 404 807
192.168.10.170 - - [28/May/2024:17:22:01 +0900] "GET /sms/myInfo?userId=0002&lnkDt=myInfo HTTP/1.1" 200 2534
192.168.10.170 - - [28/May/2024:17:22:26 +0900] "GET /sms/updateMyInfo?userId=0002&userPass=a0000000&userPassCheck=a0000000&userAddr=TOMADDRESS&userCall=22222222222 HTTP/1.1" 200 1577
127.0.0.1 - - [28/May/2024:17:29:18 +0900] "GET / HTTP/1.1" 404 807
192.168.10.170 - - [28/May/2024:17:29:22 +0900] "GET /sms/mainLgn.do?userId=0002&userPass=a0000000 HTTP/1.1" 200 1112
192.168.10.170 - - [28/May/2024:17:29:24 +0900] "GET /sms/myInfo?userId=0002&lnkDt=myInfo HTTP/1.1" 200 2534
192.168.10.170 - - [28/May/2024:17:29:33 +0900] "GET /sms/updateMyInfo?userId=0002&userPass=0000000&userPassCheck=0000000&userAddr=TOMADDRESS&userCall=22222222222 HTTP/1.1" 200 1577
127.0.0.1 - - [28/May/2024:17:30:41 +0900] "GET / HTTP/1.1" 404 807
192.168.10.170 - - [28/May/2024:17:30:56 +0900] "GET /sms/mainLgn.do?userId=0002&userPass=a0000000 HTTP/1.1" 200 1577
192.168.10.170 - - [28/May/2024:17:33:02 +0900] "GET /sms/mainLgn.do?userId=0002&userPass=0000000 HTTP/1.1" 200 1112
