127.0.0.1 - - [03/Jun/2024:09:13:54 +0900] "GET / HTTP/1.1" 404 807
192.168.10.170 - - [03/Jun/2024:09:13:57 +0900] "GET /sms/main HTTP/1.1" 200 3032
192.168.10.170 - - [03/Jun/2024:09:13:57 +0900] "GET /favicon.ico HTTP/1.1" 404 818
127.0.0.1 - - [03/Jun/2024:09:23:34 +0900] "GET / HTTP/1.1" 404 807
192.168.10.170 - - [03/Jun/2024:09:23:47 +0900] "GET /sms/main HTTP/1.1" 200 3032
192.168.10.170 - - [03/Jun/2024:09:23:47 +0900] "GET /favicon.ico HTTP/1.1" 404 818
192.168.10.170 - - [03/Jun/2024:09:24:05 +0900] "GET /sms/mainLgn.do?userId=JBcYHPt&userPass=WAz2 HTTP/1.1" 200 3032
192.168.10.170 - - [03/Jun/2024:09:25:21 +0900] "GET /sms/mainLgn.do?userId=JBcYHPt&userPass=a0000000 HTTP/1.1" 200 3344
192.168.10.170 - - [03/Jun/2024:09:25:23 +0900] "GET /sms/admStt?lnkDt=%EC%82%AC%EC%9A%A9%EC%9E%90 HTTP/1.1" 200 4156
127.0.0.1 - - [03/Jun/2024:13:22:31 +0900] "GET / HTTP/1.1" 404 807
192.168.10.170 - - [03/Jun/2024:13:22:37 +0900] "GET /sms/main HTTP/1.1" 200 3032
192.168.10.170 - - [03/Jun/2024:13:23:40 +0900] "GET /sms/mainLgn.do?userId=JBcYHPt&userPass=a0000000 HTTP/1.1" 200 3344
192.168.10.170 - - [03/Jun/2024:13:23:57 +0900] "GET /sms/mainLgn.do?userId=DGo9fGM&userPass=a0000000 HTTP/1.1" 200 2544
192.168.10.170 - - [03/Jun/2024:13:24:25 +0900] "GET /sms/mainLgn.do?userId=JBcYHPt&userPass=a0000000 HTTP/1.1" 200 3344
127.0.0.1 - - [03/Jun/2024:14:22:48 +0900] "GET / HTTP/1.1" 404 807
192.168.10.170 - - [03/Jun/2024:14:23:32 +0900] "GET /sms/main HTTP/1.1" 200 2261
192.168.10.170 - - [03/Jun/2024:14:23:41 +0900] "GET /sms/login HTTP/1.1" 200 2261
192.168.10.170 - - [03/Jun/2024:14:23:47 +0900] "GET /sms/login HTTP/1.1" 200 2261
192.168.10.170 - - [03/Jun/2024:14:23:48 +0900] "GET /sms/login HTTP/1.1" 200 2261
192.168.10.170 - - [03/Jun/2024:14:23:48 +0900] "GET /sms/login HTTP/1.1" 200 2261
192.168.10.170 - - [03/Jun/2024:14:23:48 +0900] "GET /sms/login HTTP/1.1" 200 2261
192.168.10.170 - - [03/Jun/2024:14:23:48 +0900] "GET /sms/login HTTP/1.1" 200 2261
192.168.10.170 - - [03/Jun/2024:14:23:48 +0900] "GET /sms/login HTTP/1.1" 200 2261
192.168.10.170 - - [03/Jun/2024:14:23:49 +0900] "GET /sms/login HTTP/1.1" 200 2261
127.0.0.1 - - [03/Jun/2024:14:23:56 +0900] "GET / HTTP/1.1" 404 807
192.168.10.170 - - [03/Jun/2024:14:23:59 +0900] "GET /sms/login HTTP/1.1" 200 2261
192.168.10.170 - - [03/Jun/2024:14:24:01 +0900] "GET /sms/login HTTP/1.1" 200 2261
192.168.10.170 - - [03/Jun/2024:14:24:25 +0900] "GET /sms/login HTTP/1.1" 200 2261
127.0.0.1 - - [03/Jun/2024:14:26:14 +0900] "GET / HTTP/1.1" 404 807
192.168.10.170 - - [03/Jun/2024:14:26:20 +0900] "GET /sms/login HTTP/1.1" 200 2261
127.0.0.1 - - [03/Jun/2024:14:27:06 +0900] "GET / HTTP/1.1" 404 807
192.168.10.170 - - [03/Jun/2024:14:27:09 +0900] "GET /sms/login HTTP/1.1" 200 2149
192.168.10.170 - - [03/Jun/2024:14:27:17 +0900] "GET /sms/join?lnkDt=join HTTP/1.1" 200 2353
192.168.10.170 - - [03/Jun/2024:14:27:30 +0900] "GET /sms/login HTTP/1.1" 200 2149
192.168.10.170 - - [03/Jun/2024:14:29:56 +0900] "GET /sms/mainLgn.do?userId=JBcYHPt&userPass=a0000000 HTTP/1.1" 200 3337
192.168.10.170 - - [03/Jun/2024:14:30:07 +0900] "GET /sms/mainLgn.do?userId=DGo9fGM&userPass=a0000000 HTTP/1.1" 200 2537
127.0.0.1 - - [03/Jun/2024:14:30:32 +0900] "GET / HTTP/1.1" 404 807
192.168.10.170 - - [03/Jun/2024:14:30:35 +0900] "GET /sms/login HTTP/1.1" 200 2181
127.0.0.1 - - [03/Jun/2024:15:00:40 +0900] "GET / HTTP/1.1" 404 807
192.168.10.170 - - [03/Jun/2024:15:00:44 +0900] "GET /sms/login HTTP/1.1" 200 2181
192.168.10.170 - - [03/Jun/2024:15:00:54 +0900] "GET /sms/mainLgn.do?userId=JBcYHPt&userPass=a0000000 HTTP/1.1" 200 3337
192.168.10.170 - - [03/Jun/2024:15:01:07 +0900] "GET /sms/mainLgn.do?userId=JBcYHPt&userPass=a0000000 HTTP/1.1" 200 3337
192.168.10.170 - - [03/Jun/2024:15:01:08 +0900] "GET /sms/mainLgn.do?userId=JBcYHPt&userPass=a0000000 HTTP/1.1" 200 3337
192.168.10.170 - - [03/Jun/2024:15:01:08 +0900] "GET /sms/mainLgn.do?userId=JBcYHPt&userPass=a0000000 HTTP/1.1" 200 3337
192.168.10.170 - - [03/Jun/2024:15:01:08 +0900] "GET /sms/mainLgn.do?userId=JBcYHPt&userPass=a0000000 HTTP/1.1" 200 3337
127.0.0.1 - - [03/Jun/2024:15:01:16 +0900] "GET / HTTP/1.1" 404 807
192.168.10.170 - - [03/Jun/2024:15:01:19 +0900] "GET /sms/mainLgn.do?userId=JBcYHPt&userPass=a0000000 HTTP/1.1" 200 3337
127.0.0.1 - - [03/Jun/2024:15:01:42 +0900] "GET / HTTP/1.1" 404 807
192.168.10.170 - - [03/Jun/2024:15:01:45 +0900] "GET /sms/mainLgn.do?userId=JBcYHPt&userPass=a0000000 HTTP/1.1" 200 3337
192.168.10.170 - - [03/Jun/2024:15:02:42 +0900] "GET /sms/mainLgn.do?userId=JBcYHPt&userPass=a0000000 HTTP/1.1" 200 3337
192.168.10.170 - - [03/Jun/2024:15:02:42 +0900] "GET /sms/mainLgn.do?userId=JBcYHPt&userPass=a0000000 HTTP/1.1" 200 3337
192.168.10.170 - - [03/Jun/2024:15:02:42 +0900] "GET /sms/mainLgn.do?userId=JBcYHPt&userPass=a0000000 HTTP/1.1" 200 3337
192.168.10.170 - - [03/Jun/2024:15:02:43 +0900] "GET /sms/mainLgn.do?userId=JBcYHPt&userPass=a0000000 HTTP/1.1" 200 3337
192.168.10.170 - - [03/Jun/2024:15:02:43 +0900] "GET /sms/mainLgn.do?userId=JBcYHPt&userPass=a0000000 HTTP/1.1" 200 3337
192.168.10.170 - - [03/Jun/2024:15:02:43 +0900] "GET /sms/mainLgn.do?userId=JBcYHPt&userPass=a0000000 HTTP/1.1" 200 3337
192.168.10.170 - - [03/Jun/2024:15:02:43 +0900] "GET /sms/mainLgn.do?userId=JBcYHPt&userPass=a0000000 HTTP/1.1" 200 3337
192.168.10.170 - - [03/Jun/2024:15:02:43 +0900] "GET /sms/mainLgn.do?userId=JBcYHPt&userPass=a0000000 HTTP/1.1" 200 3337
127.0.0.1 - - [03/Jun/2024:15:02:56 +0900] "GET / HTTP/1.1" 404 807
192.168.10.170 - - [03/Jun/2024:15:02:58 +0900] "GET /sms/mainLgn.do?userId=JBcYHPt&userPass=a0000000 HTTP/1.1" 500 3826
127.0.0.1 - - [03/Jun/2024:15:04:55 +0900] "GET / HTTP/1.1" 404 807
192.168.10.170 - - [03/Jun/2024:15:04:58 +0900] "GET /sms/mainLgn.do?userId=JBcYHPt&userPass=a0000000 HTTP/1.1" 200 3337
127.0.0.1 - - [03/Jun/2024:15:08:25 +0900] "GET / HTTP/1.1" 404 807
192.168.10.170 - - [03/Jun/2024:15:08:30 +0900] "GET /sms/mainLgn.do?userId=JBcYHPt&userPass=a0000000 HTTP/1.1" 500 7668
127.0.0.1 - - [03/Jun/2024:15:09:14 +0900] "GET / HTTP/1.1" 404 807
192.168.10.170 - - [03/Jun/2024:15:09:19 +0900] "GET /sms/mainLgn.do?userId=JBcYHPt&userPass=a0000000 HTTP/1.1" 200 2470
192.168.10.170 - - [03/Jun/2024:15:09:23 +0900] "GET /sms/myInfo?userId=JBcYHPt&lnkDt=myInfo HTTP/1.1" 200 2534
192.168.10.170 - - [03/Jun/2024:15:11:55 +0900] "GET /sms/main HTTP/1.1" 200 2459
192.168.10.170 - - [03/Jun/2024:15:12:06 +0900] "GET /sms/main HTTP/1.1" 200 2459
192.168.10.170 - - [03/Jun/2024:15:17:54 +0900] "GET /sms/main HTTP/1.1" 500 7612
192.168.10.170 - - [03/Jun/2024:15:17:54 +0900] "GET /sms/main HTTP/1.1" 500 7612
127.0.0.1 - - [03/Jun/2024:15:18:46 +0900] "GET / HTTP/1.1" 404 807
192.168.10.170 - - [03/Jun/2024:15:18:50 +0900] "GET /sms/main HTTP/1.1" 500 7612
127.0.0.1 - - [03/Jun/2024:15:19:39 +0900] "GET / HTTP/1.1" 404 807
192.168.10.170 - - [03/Jun/2024:15:19:43 +0900] "GET /sms/main HTTP/1.1" 200 2395
192.168.10.170 - - [03/Jun/2024:15:19:46 +0900] "GET /sms/login? HTTP/1.1" 200 2181
192.168.10.170 - - [03/Jun/2024:15:21:44 +0900] "GET /sms/mainLgn.do?userId=DGo9fGM&userPass=a0000000 HTTP/1.1" 200 2509
127.0.0.1 - - [03/Jun/2024:15:48:14 +0900] "GET / HTTP/1.1" 404 807
192.168.10.170 - - [03/Jun/2024:15:48:21 +0900] "GET /sms/mainLgn.do?userId=DGo9fGM&userPass=a0000000 HTTP/1.1" 200 2498
192.168.10.170 - - [03/Jun/2024:15:48:22 +0900] "GET /sms/cart?lnkDt=cart HTTP/1.1" 404 721
192.168.10.170 - - [03/Jun/2024:15:49:47 +0900] "GET /sms/cart?lnkDt=cart HTTP/1.1" 404 721
192.168.10.170 - - [03/Jun/2024:15:49:48 +0900] "GET /sms/cart?lnkDt=cart HTTP/1.1" 404 721
127.0.0.1 - - [03/Jun/2024:15:50:26 +0900] "GET / HTTP/1.1" 404 807
192.168.10.170 - - [03/Jun/2024:15:50:30 +0900] "GET /sms/mainLgn.do?userId=DGo9fGM&userPass=a0000000 HTTP/1.1" 200 2498
192.168.10.170 - - [03/Jun/2024:15:50:31 +0900] "GET /sms/cart?lnkDt=cart HTTP/1.1" 404 721
192.168.10.170 - - [03/Jun/2024:15:50:43 +0900] "GET /sms/cart?lnkDt=cart HTTP/1.1" 404 721
192.168.10.170 - - [03/Jun/2024:15:50:48 +0900] "GET /sms/main HTTP/1.1" 200 2385
192.168.10.170 - - [03/Jun/2024:15:50:56 +0900] "GET /sms/login? HTTP/1.1" 200 2181
192.168.10.170 - - [03/Jun/2024:15:51:07 +0900] "GET /sms/mainLgn.do?userId=DGo9fGM&userPass=a0000000 HTTP/1.1" 200 2498
192.168.10.170 - - [03/Jun/2024:15:51:10 +0900] "GET /sms/cart?lnkDt=cart HTTP/1.1" 404 721
127.0.0.1 - - [03/Jun/2024:15:52:18 +0900] "GET / HTTP/1.1" 404 807
192.168.10.170 - - [03/Jun/2024:15:52:23 +0900] "GET /sms/mainLgn.do?userId=DGo9fGM&userPass=a0000000 HTTP/1.1" 200 2498
192.168.10.170 - - [03/Jun/2024:15:52:25 +0900] "GET /sms/cart?lnkDt=cart HTTP/1.1" 200 2620
127.0.0.1 - - [03/Jun/2024:15:53:43 +0900] "GET / HTTP/1.1" 404 807
192.168.10.170 - - [03/Jun/2024:15:53:47 +0900] "GET /sms/cart?lnkDt=cart HTTP/1.1" 200 1564
127.0.0.1 - - [03/Jun/2024:16:21:41 +0900] "GET / HTTP/1.1" 404 807
192.168.10.170 - - [03/Jun/2024:16:21:48 +0900] "GET /sms/cart?lnkDt=cart HTTP/1.1" 200 1631
192.168.10.170 - - [03/Jun/2024:16:21:59 +0900] "GET /sms/completePayment?lnkDt=%ED%8C%90%EB%A7%A4 HTTP/1.1" 400 924
127.0.0.1 - - [03/Jun/2024:16:22:39 +0900] "GET / HTTP/1.1" 404 807
192.168.10.170 - - [03/Jun/2024:16:22:42 +0900] "GET /sms/completePayment?lnkDt=%ED%8C%90%EB%A7%A4 HTTP/1.1" 500 11919
127.0.0.1 - - [03/Jun/2024:16:25:32 +0900] "GET / HTTP/1.1" 404 807
192.168.10.170 - - [03/Jun/2024:16:26:01 +0900] "GET /sms/completePayment?lnkDt=%ED%8C%90%EB%A7%A4 HTTP/1.1" 500 11919
127.0.0.1 - - [03/Jun/2024:16:27:56 +0900] "GET / HTTP/1.1" 404 807
192.168.10.170 - - [03/Jun/2024:16:27:59 +0900] "GET /sms/cart?lnkDt=cart HTTP/1.1" 200 1631
192.168.10.170 - - [03/Jun/2024:16:28:03 +0900] "GET /sms/completePayment?lnkDt=%ED%8C%90%EB%A7%A4 HTTP/1.1" 500 11919
127.0.0.1 - - [03/Jun/2024:16:31:58 +0900] "GET / HTTP/1.1" 404 807
127.0.0.1 - - [03/Jun/2024:16:33:58 +0900] "GET / HTTP/1.1" 404 807
192.168.10.170 - - [03/Jun/2024:16:34:01 +0900] "GET /sms/cart?lnkDt=cart HTTP/1.1" 200 1631
192.168.10.170 - - [03/Jun/2024:16:34:07 +0900] "GET /sms/completePayment?lnkDt=%ED%8C%90%EB%A7%A4 HTTP/1.1" 500 11919
127.0.0.1 - - [03/Jun/2024:16:35:33 +0900] "GET / HTTP/1.1" 404 807
192.168.10.170 - - [03/Jun/2024:16:35:35 +0900] "GET /sms/cart?lnkDt=cart HTTP/1.1" 200 1631
192.168.10.170 - - [03/Jun/2024:16:36:12 +0900] "GET /sms/completePayment?lnkDt=%ED%8C%90%EB%A7%A4 HTTP/1.1" 500 18404
127.0.0.1 - - [03/Jun/2024:16:37:02 +0900] "GET / HTTP/1.1" 404 807
192.168.10.170 - - [03/Jun/2024:16:37:05 +0900] "GET /sms/cart?lnkDt=cart HTTP/1.1" 200 1631
192.168.10.170 - - [03/Jun/2024:16:37:14 +0900] "GET /sms/completePayment?lnkDt=%ED%8C%90%EB%A7%A4 HTTP/1.1" 500 18368
127.0.0.1 - - [03/Jun/2024:16:43:05 +0900] "GET / HTTP/1.1" 404 807
192.168.10.170 - - [03/Jun/2024:16:43:09 +0900] "GET /sms/completePayment?lnkDt=%ED%8C%90%EB%A7%A4 HTTP/1.1" 500 18368
